<?xml version="1.0" encoding="UTF-8"?>
<TestRun id="54d1a632-3bc1-4121-8b20-29b03b1fd89f" name="Antonio@ASUS 2014-07-29 22:58:18" runUser="ASUS\Antonio" xmlns="http://microsoft.com/schemas/VisualStudio/TeamTest/2010">
  <TestSettings name="Local" id="1eac7b48-8cea-4ebb-8de2-83729d3f2ba6">
    <Description>These are default test settings for a local test run.</Description>
    <Deployment enabled="false" runDeploymentRoot="Antonio_ASUS 2014-07-29 22_58_18">
      <DeploymentItem filename="C:\Users\Antonio\Desktop\Ventura20140728\Ventura\AplicacionSistemaVentura\bin\Debug\WPF.MDI.dll" />
      <DeploymentItem filename="C:\Users\Antonio\Desktop\Ventura20140728\Ventura\AplicacionSistemaVentura\bin\Debug\VIBlend.WPF.Utilities.dll" />
      <DeploymentItem filename="C:\Users\Antonio\Desktop\Ventura20140728\Ventura\Utilitarios\bin\Debug\Utilitarios.dll" />
      <DeploymentItem filename="C:\Users\Antonio\Desktop\Ventura20140728\Ventura\Entities\bin\Debug\Entities.dll" />
      <DeploymentItem filename="C:\Users\Antonio\Desktop\Ventura20140728\Ventura\AplicacionSistemaVentura\bin\Debug\iSBO_DA.dll" />
      <DeploymentItem filename="C:\Users\Antonio\Desktop\Ventura20140728\Ventura\AplicacionSistemaVentura\bin\Debug\AplicacionVentura.exe" />
      <DeploymentItem filename="C:\Users\Antonio\Desktop\Ventura20140728\Ventura\AplicacionSistemaVentura\bin\Debug\AplicacionSistemaVentura.exe" />
      <DeploymentItem filename="C:\Program Files (x86)\DevExpress 14.1\Components\Bin\Framework\DevExpress.Images.v14.1.dll" />
      <DeploymentItem filename="C:\Users\Antonio\Desktop\Ventura20140728\Ventura\AplicacionSistemaVentura\bin\Debug\iSBO_BE.dll" />
      <DeploymentItem filename="C:\Users\Antonio\Desktop\Ventura20140728\Ventura\AplicacionSistemaVentura\bin\Debug\VIBlend.WPF.Editors.dll" />
      <DeploymentItem filename="C:\Program Files (x86)\VIBlend\WPF Controls v.5.0\VIBlend.WPF.DataGrid.dll" />
      <DeploymentItem filename="C:\Users\Antonio\Desktop\Ventura20140728\Ventura\Business\bin\Debug\Business.dll" />
      <DeploymentItem filename="C:\Users\Antonio\Desktop\Ventura20140728\Ventura\AplicacionSistemaVentura\bin\Debug\InterfazMTTO.dll" />
      <DeploymentItem filename="C:\Users\Antonio\Desktop\Ventura20140728\Ventura\AplicacionSistemaVentura\bin\Debug\iSBO_Util.dll" />
    </Deployment>
    <Execution>
      <TestTypeSpecific />
      <AgentRule name="Execution Agents">
      </AgentRule>
    </Execution>
  </TestSettings>
  <Times creation="2014-07-29T22:58:18.1684893-05:00" queuing="2014-07-29T22:58:18.2405390-05:00" start="2014-07-29T22:58:18.2545472-05:00" finish="2014-07-29T22:58:22.6875000-05:00" />
  <ResultSummary outcome="Failed">
    <Counters total="32" executed="32" passed="2" error="0" failed="17" timeout="0" aborted="0" inconclusive="13" passedButRunAborted="0" notRunnable="0" notExecuted="0" disconnected="0" warning="0" completed="0" inProgress="0" pending="0" />
    <RunInfos>
      <RunInfo computerName="ASUS" outcome="Warning" timestamp="2014-07-29T22:58:18.2365363-05:00">
        <Text>Deployment is currently disabled. The deployment item 'AplicacionSistemaVentura.exe' on test 'TDDVentura.GestPerfilNeumaticoTest.ComboEnGrillaTest' was not deployed.</Text>
      </RunInfo>
    </RunInfos>
  </ResultSummary>
  <TestDefinitions>
    <UnitTest name="ComboEnGrillaTest" storage="c:\users\antonio\desktop\ventura20140728\ventura\tddventura\bin\debug\tddventura.dll" id="ca69f6f9-6574-3eb0-08b3-d8e1fde2504a">
      <DeploymentItems>
        <DeploymentItem filename="AplicacionSistemaVentura.exe" />
      </DeploymentItems>
      <Execution id="56a3187f-c150-44b7-b612-62aed03963c9" />
      <TestMethod codeBase="C:/Users/Antonio/Desktop/Ventura20140728/Ventura/TDDVentura/bin/Debug/TDDVentura.DLL" adapterTypeName="Microsoft.VisualStudio.TestTools.TestTypes.Unit.UnitTestAdapter, Microsoft.VisualStudio.QualityTools.Tips.UnitTest.Adapter, Version=10.0.0.0, Culture=neutral, PublicKeyToken=b03f5f7f11d50a3a" className="TDDVentura.GestPerfilNeumaticoTest, TDDVentura, Version=1.0.0.0, Culture=neutral, PublicKeyToken=null" name="ComboEnGrillaTest" />
    </UnitTest>
    <UnitTest name="btnNuevo_ClickTest" storage="c:\users\antonio\desktop\ventura20140728\ventura\tddventura\bin\debug\tddventura.dll" id="b8c84d8e-4b9b-f64d-be5d-9b02bdddf3f1">
      <DeploymentItems>
        <DeploymentItem filename="AplicacionSistemaVentura.exe" />
      </DeploymentItems>
      <Execution id="d85626b1-1a94-4aae-87d8-f6b40c95f760" />
      <TestMethod codeBase="C:/Users/Antonio/Desktop/Ventura20140728/Ventura/TDDVentura/bin/Debug/TDDVentura.DLL" adapterTypeName="Microsoft.VisualStudio.TestTools.TestTypes.Unit.UnitTestAdapter, Microsoft.VisualStudio.QualityTools.Tips.UnitTest.Adapter, Version=10.0.0.0, Culture=neutral, PublicKeyToken=b03f5f7f11d50a3a" className="TDDVentura.GestPerfilNeumaticoTest, TDDVentura, Version=1.0.0.0, Culture=neutral, PublicKeyToken=null" name="btnNuevo_ClickTest" />
    </UnitTest>
    <UnitTest name="GestPerfilNeumaticoConstructorTest" storage="c:\users\antonio\desktop\ventura20140728\ventura\tddventura\bin\debug\tddventura.dll" id="c6b3da3c-b305-f359-f273-d3a6a0bc20c0">
      <Execution id="3fed6590-c546-4710-af96-8a4234f17df4" />
      <TestMethod codeBase="C:/Users/Antonio/Desktop/Ventura20140728/Ventura/TDDVentura/bin/Debug/TDDVentura.DLL" adapterTypeName="Microsoft.VisualStudio.TestTools.TestTypes.Unit.UnitTestAdapter, Microsoft.VisualStudio.QualityTools.Tips.UnitTest.Adapter, Version=10.0.0.0, Culture=neutral, PublicKeyToken=b03f5f7f11d50a3a" className="TDDVentura.GestPerfilNeumaticoTest, TDDVentura, Version=1.0.0.0, Culture=neutral, PublicKeyToken=null" name="GestPerfilNeumaticoConstructorTest" />
    </UnitTest>
    <UnitTest name="LimpiarControlesTest" storage="c:\users\antonio\desktop\ventura20140728\ventura\tddventura\bin\debug\tddventura.dll" id="6361acdc-dcba-73b3-4473-e46e9bf64d59">
      <DeploymentItems>
        <DeploymentItem filename="AplicacionSistemaVentura.exe" />
      </DeploymentItems>
      <Execution id="e406d7eb-5bcf-4098-b048-af9d8a1b9f72" />
      <TestMethod codeBase="C:/Users/Antonio/Desktop/Ventura20140728/Ventura/TDDVentura/bin/Debug/TDDVentura.DLL" adapterTypeName="Microsoft.VisualStudio.TestTools.TestTypes.Unit.UnitTestAdapter, Microsoft.VisualStudio.QualityTools.Tips.UnitTest.Adapter, Version=10.0.0.0, Culture=neutral, PublicKeyToken=b03f5f7f11d50a3a" className="TDDVentura.GestPerfilNeumaticoTest, TDDVentura, Version=1.0.0.0, Culture=neutral, PublicKeyToken=null" name="LimpiarControlesTest" />
    </UnitTest>
    <UnitTest name="OutFocusTest" storage="c:\users\antonio\desktop\ventura20140728\ventura\tddventura\bin\debug\tddventura.dll" id="11c777dd-0af4-f0d8-77a4-88d47b2ecec0">
      <DeploymentItems>
        <DeploymentItem filename="AplicacionSistemaVentura.exe" />
      </DeploymentItems>
      <Execution id="b2ce246e-0f2b-432c-bd2b-6e1dbe786fa2" />
      <TestMethod codeBase="C:/Users/Antonio/Desktop/Ventura20140728/Ventura/TDDVentura/bin/Debug/TDDVentura.DLL" adapterTypeName="Microsoft.VisualStudio.TestTools.TestTypes.Unit.UnitTestAdapter, Microsoft.VisualStudio.QualityTools.Tips.UnitTest.Adapter, Version=10.0.0.0, Culture=neutral, PublicKeyToken=b03f5f7f11d50a3a" className="TDDVentura.GestPerfilNeumaticoTest, TDDVentura, Version=1.0.0.0, Culture=neutral, PublicKeyToken=null" name="OutFocusTest" />
    </UnitTest>
    <UnitTest name="cboLlanRepu_SelectedIndexChangedTest" storage="c:\users\antonio\desktop\ventura20140728\ventura\tddventura\bin\debug\tddventura.dll" id="3350f1ef-bae7-a170-28a2-f6d4ef908ec2">
      <DeploymentItems>
        <DeploymentItem filename="AplicacionSistemaVentura.exe" />
      </DeploymentItems>
      <Execution id="b65a606e-3bbf-4032-8394-09b5a57b58f0" />
      <TestMethod codeBase="C:/Users/Antonio/Desktop/Ventura20140728/Ventura/TDDVentura/bin/Debug/TDDVentura.DLL" adapterTypeName="Microsoft.VisualStudio.TestTools.TestTypes.Unit.UnitTestAdapter, Microsoft.VisualStudio.QualityTools.Tips.UnitTest.Adapter, Version=10.0.0.0, Culture=neutral, PublicKeyToken=b03f5f7f11d50a3a" className="TDDVentura.GestPerfilNeumaticoTest, TDDVentura, Version=1.0.0.0, Culture=neutral, PublicKeyToken=null" name="cboLlanRepu_SelectedIndexChangedTest" />
    </UnitTest>
    <UnitTest name="MensajeTest" storage="c:\users\antonio\desktop\ventura20140728\ventura\tddventura\bin\debug\tddventura.dll" id="6dd6745c-2f58-acd9-85bc-b1e650de69e6">
      <DeploymentItems>
        <DeploymentItem filename="AplicacionSistemaVentura.exe" />
      </DeploymentItems>
      <Execution id="5b7675a1-0b4c-4756-94dd-b95d19a8988b" />
      <TestMethod codeBase="C:/Users/Antonio/Desktop/Ventura20140728/Ventura/TDDVentura/bin/Debug/TDDVentura.DLL" adapterTypeName="Microsoft.VisualStudio.TestTools.TestTypes.Unit.UnitTestAdapter, Microsoft.VisualStudio.QualityTools.Tips.UnitTest.Adapter, Version=10.0.0.0, Culture=neutral, PublicKeyToken=b03f5f7f11d50a3a" className="TDDVentura.GestPerfilNeumaticoTest, TDDVentura, Version=1.0.0.0, Culture=neutral, PublicKeyToken=null" name="MensajeTest" />
    </UnitTest>
    <UnitTest name="dtgPerfNeum_MouseDoubleClickTest" storage="c:\users\antonio\desktop\ventura20140728\ventura\tddventura\bin\debug\tddventura.dll" id="39da4c68-d679-c2d7-f103-8758675e8bef">
      <DeploymentItems>
        <DeploymentItem filename="AplicacionSistemaVentura.exe" />
      </DeploymentItems>
      <Execution id="6027aeab-6fa7-411f-981e-2ca040eeb528" />
      <TestMethod codeBase="C:/Users/Antonio/Desktop/Ventura20140728/Ventura/TDDVentura/bin/Debug/TDDVentura.DLL" adapterTypeName="Microsoft.VisualStudio.TestTools.TestTypes.Unit.UnitTestAdapter, Microsoft.VisualStudio.QualityTools.Tips.UnitTest.Adapter, Version=10.0.0.0, Culture=neutral, PublicKeyToken=b03f5f7f11d50a3a" className="TDDVentura.GestPerfilNeumaticoTest, TDDVentura, Version=1.0.0.0, Culture=neutral, PublicKeyToken=null" name="dtgPerfNeum_MouseDoubleClickTest" />
    </UnitTest>
    <UnitTest name="PintarLlantaRepuestoTest" storage="c:\users\antonio\desktop\ventura20140728\ventura\tddventura\bin\debug\tddventura.dll" id="d3e582fd-fda3-ef2a-80e1-dc06b091bf4c">
      <DeploymentItems>
        <DeploymentItem filename="AplicacionSistemaVentura.exe" />
      </DeploymentItems>
      <Execution id="0247eb86-5f65-4601-a4e3-b8dd1758660a" />
      <TestMethod codeBase="C:/Users/Antonio/Desktop/Ventura20140728/Ventura/TDDVentura/bin/Debug/TDDVentura.DLL" adapterTypeName="Microsoft.VisualStudio.TestTools.TestTypes.Unit.UnitTestAdapter, Microsoft.VisualStudio.QualityTools.Tips.UnitTest.Adapter, Version=10.0.0.0, Culture=neutral, PublicKeyToken=b03f5f7f11d50a3a" className="TDDVentura.GestPerfilNeumaticoTest, TDDVentura, Version=1.0.0.0, Culture=neutral, PublicKeyToken=null" name="PintarLlantaRepuestoTest" />
    </UnitTest>
    <UnitTest name="DetallePerfilNeumaticoTest" storage="c:\users\antonio\desktop\ventura20140728\ventura\tddventura\bin\debug\tddventura.dll" id="d55aab20-b9c5-4a2d-3177-a2f8f5f39c9b">
      <DeploymentItems>
        <DeploymentItem filename="AplicacionSistemaVentura.exe" />
      </DeploymentItems>
      <Execution id="5804ee56-13f3-4944-a528-3a3418eb20ee" />
      <TestMethod codeBase="C:/Users/Antonio/Desktop/Ventura20140728/Ventura/TDDVentura/bin/Debug/TDDVentura.DLL" adapterTypeName="Microsoft.VisualStudio.TestTools.TestTypes.Unit.UnitTestAdapter, Microsoft.VisualStudio.QualityTools.Tips.UnitTest.Adapter, Version=10.0.0.0, Culture=neutral, PublicKeyToken=b03f5f7f11d50a3a" className="TDDVentura.GestPerfilNeumaticoTest, TDDVentura, Version=1.0.0.0, Culture=neutral, PublicKeyToken=null" name="DetallePerfilNeumaticoTest" />
    </UnitTest>
    <UnitTest name="ConnectTest" storage="c:\users\antonio\desktop\ventura20140728\ventura\tddventura\bin\debug\tddventura.dll" id="90e48841-9508-a43f-fbc8-f29a03ce34e0">
      <DeploymentItems>
        <DeploymentItem filename="AplicacionSistemaVentura.exe" />
      </DeploymentItems>
      <Execution id="87efd1b4-e564-4d93-9b30-630958d63aab" />
      <TestMethod codeBase="C:/Users/Antonio/Desktop/Ventura20140728/Ventura/TDDVentura/bin/Debug/TDDVentura.DLL" adapterTypeName="Microsoft.VisualStudio.TestTools.TestTypes.Unit.UnitTestAdapter, Microsoft.VisualStudio.QualityTools.Tips.UnitTest.Adapter, Version=10.0.0.0, Culture=neutral, PublicKeyToken=b03f5f7f11d50a3a" className="TDDVentura.GestPerfilNeumaticoTest, TDDVentura, Version=1.0.0.0, Culture=neutral, PublicKeyToken=null" name="ConnectTest" />
    </UnitTest>
    <UnitTest name="btnGrabar_ClickTest" storage="c:\users\antonio\desktop\ventura20140728\ventura\tddventura\bin\debug\tddventura.dll" id="c34a7807-1e8f-c9a3-ac6c-4e8a2d3a8f28">
      <DeploymentItems>
        <DeploymentItem filename="AplicacionSistemaVentura.exe" />
      </DeploymentItems>
      <Execution id="559a531b-74e9-47e1-8cd3-31acc9985fe2" />
      <TestMethod codeBase="C:/Users/Antonio/Desktop/Ventura20140728/Ventura/TDDVentura/bin/Debug/TDDVentura.DLL" adapterTypeName="Microsoft.VisualStudio.TestTools.TestTypes.Unit.UnitTestAdapter, Microsoft.VisualStudio.QualityTools.Tips.UnitTest.Adapter, Version=10.0.0.0, Culture=neutral, PublicKeyToken=b03f5f7f11d50a3a" className="TDDVentura.GestPerfilNeumaticoTest, TDDVentura, Version=1.0.0.0, Culture=neutral, PublicKeyToken=null" name="btnGrabar_ClickTest" />
    </UnitTest>
    <UnitTest name="cboNroLlanta_SelectedIndexChangedTest" storage="c:\users\antonio\desktop\ventura20140728\ventura\tddventura\bin\debug\tddventura.dll" id="34633317-8120-3ba5-dc7b-d26e0e8fe124">
      <DeploymentItems>
        <DeploymentItem filename="AplicacionSistemaVentura.exe" />
      </DeploymentItems>
      <Execution id="d3425d78-8ac3-4b0b-8a24-8f5e6ab90765" />
      <TestMethod codeBase="C:/Users/Antonio/Desktop/Ventura20140728/Ventura/TDDVentura/bin/Debug/TDDVentura.DLL" adapterTypeName="Microsoft.VisualStudio.TestTools.TestTypes.Unit.UnitTestAdapter, Microsoft.VisualStudio.QualityTools.Tips.UnitTest.Adapter, Version=10.0.0.0, Culture=neutral, PublicKeyToken=b03f5f7f11d50a3a" className="TDDVentura.GestPerfilNeumaticoTest, TDDVentura, Version=1.0.0.0, Culture=neutral, PublicKeyToken=null" name="cboNroLlanta_SelectedIndexChangedTest" />
    </UnitTest>
    <UnitTest name="tbvPerfNeumEje_ShowingEditorTest" storage="c:\users\antonio\desktop\ventura20140728\ventura\tddventura\bin\debug\tddventura.dll" id="8b6778f1-037d-45dd-245d-e889450b603b">
      <DeploymentItems>
        <DeploymentItem filename="AplicacionSistemaVentura.exe" />
      </DeploymentItems>
      <Execution id="f1d05495-cdc7-4994-beaa-e0389f6ac1aa" />
      <TestMethod codeBase="C:/Users/Antonio/Desktop/Ventura20140728/Ventura/TDDVentura/bin/Debug/TDDVentura.DLL" adapterTypeName="Microsoft.VisualStudio.TestTools.TestTypes.Unit.UnitTestAdapter, Microsoft.VisualStudio.QualityTools.Tips.UnitTest.Adapter, Version=10.0.0.0, Culture=neutral, PublicKeyToken=b03f5f7f11d50a3a" className="TDDVentura.GestPerfilNeumaticoTest, TDDVentura, Version=1.0.0.0, Culture=neutral, PublicKeyToken=null" name="tbvPerfNeumEje_ShowingEditorTest" />
    </UnitTest>
    <UnitTest name="UserControl_LoadedTest" storage="c:\users\antonio\desktop\ventura20140728\ventura\tddventura\bin\debug\tddventura.dll" id="cd692052-1e14-8b68-94e8-48fd0eaf37eb">
      <DeploymentItems>
        <DeploymentItem filename="AplicacionSistemaVentura.exe" />
      </DeploymentItems>
      <Execution id="d87ec000-ade7-467c-879b-612bb417f266" />
      <TestMethod codeBase="C:/Users/Antonio/Desktop/Ventura20140728/Ventura/TDDVentura/bin/Debug/TDDVentura.DLL" adapterTypeName="Microsoft.VisualStudio.TestTools.TestTypes.Unit.UnitTestAdapter, Microsoft.VisualStudio.QualityTools.Tips.UnitTest.Adapter, Version=10.0.0.0, Culture=neutral, PublicKeyToken=b03f5f7f11d50a3a" className="TDDVentura.GestPerfilNeumaticoTest, TDDVentura, Version=1.0.0.0, Culture=neutral, PublicKeyToken=null" name="UserControl_LoadedTest" />
    </UnitTest>
    <UnitTest name="InitializeComponentTest" storage="c:\users\antonio\desktop\ventura20140728\ventura\tddventura\bin\debug\tddventura.dll" id="d3f917b7-7d71-0dec-4604-1a2bcf60978b">
      <Execution id="3ae10d1c-3d5e-4dcb-b116-d16eeeaf53a0" />
      <TestMethod codeBase="C:/Users/Antonio/Desktop/Ventura20140728/Ventura/TDDVentura/bin/Debug/TDDVentura.DLL" adapterTypeName="Microsoft.VisualStudio.TestTools.TestTypes.Unit.UnitTestAdapter, Microsoft.VisualStudio.QualityTools.Tips.UnitTest.Adapter, Version=10.0.0.0, Culture=neutral, PublicKeyToken=b03f5f7f11d50a3a" className="TDDVentura.GestPerfilNeumaticoTest, TDDVentura, Version=1.0.0.0, Culture=neutral, PublicKeyToken=null" name="InitializeComponentTest" />
    </UnitTest>
    <UnitTest name="ValidaCampoObligadoTest" storage="c:\users\antonio\desktop\ventura20140728\ventura\tddventura\bin\debug\tddventura.dll" id="b2ed2b79-3302-03b0-5c80-29da7832a8fb">
      <DeploymentItems>
        <DeploymentItem filename="AplicacionSistemaVentura.exe" />
      </DeploymentItems>
      <Execution id="2c1a0a31-dc5e-4197-b9f9-29e9a3d223c5" />
      <TestMethod codeBase="C:/Users/Antonio/Desktop/Ventura20140728/Ventura/TDDVentura/bin/Debug/TDDVentura.DLL" adapterTypeName="Microsoft.VisualStudio.TestTools.TestTypes.Unit.UnitTestAdapter, Microsoft.VisualStudio.QualityTools.Tips.UnitTest.Adapter, Version=10.0.0.0, Culture=neutral, PublicKeyToken=b03f5f7f11d50a3a" className="TDDVentura.GestPerfilNeumaticoTest, TDDVentura, Version=1.0.0.0, Culture=neutral, PublicKeyToken=null" name="ValidaCampoObligadoTest" />
    </UnitTest>
    <UnitTest name="OnFocusTest" storage="c:\users\antonio\desktop\ventura20140728\ventura\tddventura\bin\debug\tddventura.dll" id="4e485c4f-a7e9-6a97-d8e7-746b90629991">
      <DeploymentItems>
        <DeploymentItem filename="AplicacionSistemaVentura.exe" />
      </DeploymentItems>
      <Execution id="3d073b6a-3e4c-4670-a936-90f83124592e" />
      <TestMethod codeBase="C:/Users/Antonio/Desktop/Ventura20140728/Ventura/TDDVentura/bin/Debug/TDDVentura.DLL" adapterTypeName="Microsoft.VisualStudio.TestTools.TestTypes.Unit.UnitTestAdapter, Microsoft.VisualStudio.QualityTools.Tips.UnitTest.Adapter, Version=10.0.0.0, Culture=neutral, PublicKeyToken=b03f5f7f11d50a3a" className="TDDVentura.GestPerfilNeumaticoTest, TDDVentura, Version=1.0.0.0, Culture=neutral, PublicKeyToken=null" name="OnFocusTest" />
    </UnitTest>
    <UnitTest name="btnEditar_ClickTest" storage="c:\users\antonio\desktop\ventura20140728\ventura\tddventura\bin\debug\tddventura.dll" id="57c22915-1571-3ea8-b1d3-5bb3f1000b53">
      <DeploymentItems>
        <DeploymentItem filename="AplicacionSistemaVentura.exe" />
      </DeploymentItems>
      <Execution id="0f15cff5-e90e-4aad-b297-dca0f706f166" />
      <TestMethod codeBase="C:/Users/Antonio/Desktop/Ventura20140728/Ventura/TDDVentura/bin/Debug/TDDVentura.DLL" adapterTypeName="Microsoft.VisualStudio.TestTools.TestTypes.Unit.UnitTestAdapter, Microsoft.VisualStudio.QualityTools.Tips.UnitTest.Adapter, Version=10.0.0.0, Culture=neutral, PublicKeyToken=b03f5f7f11d50a3a" className="TDDVentura.GestPerfilNeumaticoTest, TDDVentura, Version=1.0.0.0, Culture=neutral, PublicKeyToken=null" name="btnEditar_ClickTest" />
    </UnitTest>
    <UnitTest name="GestPerfilNeumaticoConstructorTest1" storage="c:\users\antonio\desktop\ventura20140728\ventura\tddventura\bin\debug\tddventura.dll" id="0848aa6c-780c-1647-89fc-4a00f35cb2b0">
      <Execution id="d501a913-6d58-4da6-82a3-df0f99e87986" />
      <TestMethod codeBase="C:/Users/Antonio/Desktop/Ventura20140728/Ventura/TDDVentura/bin/Debug/TDDVentura.DLL" adapterTypeName="Microsoft.VisualStudio.TestTools.TestTypes.Unit.UnitTestAdapter, Microsoft.VisualStudio.QualityTools.Tips.UnitTest.Adapter, Version=10.0.0.0, Culture=neutral, PublicKeyToken=b03f5f7f11d50a3a" className="TDDVentura.GestPerfilNeumaticoTest, TDDVentura, Version=1.0.0.0, Culture=neutral, PublicKeyToken=null" name="GestPerfilNeumaticoConstructorTest1" />
    </UnitTest>
    <UnitTest name="EstadoFormTest" storage="c:\users\antonio\desktop\ventura20140728\ventura\tddventura\bin\debug\tddventura.dll" id="a455db1e-363b-049c-80f3-977dbf6a9fd5">
      <DeploymentItems>
        <DeploymentItem filename="AplicacionSistemaVentura.exe" />
      </DeploymentItems>
      <Execution id="c7b7a38a-7fb2-4077-bebf-ed9787de06c5" />
      <TestMethod codeBase="C:/Users/Antonio/Desktop/Ventura20140728/Ventura/TDDVentura/bin/Debug/TDDVentura.DLL" adapterTypeName="Microsoft.VisualStudio.TestTools.TestTypes.Unit.UnitTestAdapter, Microsoft.VisualStudio.QualityTools.Tips.UnitTest.Adapter, Version=10.0.0.0, Culture=neutral, PublicKeyToken=b03f5f7f11d50a3a" className="TDDVentura.GestPerfilNeumaticoTest, TDDVentura, Version=1.0.0.0, Culture=neutral, PublicKeyToken=null" name="EstadoFormTest" />
    </UnitTest>
    <UnitTest name="btnCancelar_ClickTest" storage="c:\users\antonio\desktop\ventura20140728\ventura\tddventura\bin\debug\tddventura.dll" id="e27987a3-b8f9-ddfd-d0b6-9ae2e8e51289">
      <DeploymentItems>
        <DeploymentItem filename="AplicacionSistemaVentura.exe" />
      </DeploymentItems>
      <Execution id="da6bd86b-e386-40ac-97f6-cdcf6bf850ad" />
      <TestMethod codeBase="C:/Users/Antonio/Desktop/Ventura20140728/Ventura/TDDVentura/bin/Debug/TDDVentura.DLL" adapterTypeName="Microsoft.VisualStudio.TestTools.TestTypes.Unit.UnitTestAdapter, Microsoft.VisualStudio.QualityTools.Tips.UnitTest.Adapter, Version=10.0.0.0, Culture=neutral, PublicKeyToken=b03f5f7f11d50a3a" className="TDDVentura.GestPerfilNeumaticoTest, TDDVentura, Version=1.0.0.0, Culture=neutral, PublicKeyToken=null" name="btnCancelar_ClickTest" />
    </UnitTest>
    <UnitTest name="ConnectTest1" storage="c:\users\antonio\desktop\ventura20140728\ventura\tddventura\bin\debug\tddventura.dll" id="f106a0a9-d39f-1ab3-5a92-69c914f90985">
      <DeploymentItems>
        <DeploymentItem filename="AplicacionSistemaVentura.exe" />
      </DeploymentItems>
      <Execution id="503e935e-4284-43a4-b421-66fcb627bede" />
      <TestMethod codeBase="C:/Users/Antonio/Desktop/Ventura20140728/Ventura/TDDVentura/bin/Debug/TDDVentura.DLL" adapterTypeName="Microsoft.VisualStudio.TestTools.TestTypes.Unit.UnitTestAdapter, Microsoft.VisualStudio.QualityTools.Tips.UnitTest.Adapter, Version=10.0.0.0, Culture=neutral, PublicKeyToken=b03f5f7f11d50a3a" className="TDDVentura.GestPerfilNeumaticoTest, TDDVentura, Version=1.0.0.0, Culture=neutral, PublicKeyToken=null" name="ConnectTest1" />
    </UnitTest>
    <UnitTest name="PintarEjeTest" storage="c:\users\antonio\desktop\ventura20140728\ventura\tddventura\bin\debug\tddventura.dll" id="2d273999-c8a0-62c4-1439-ab129b651d8f">
      <DeploymentItems>
        <DeploymentItem filename="AplicacionSistemaVentura.exe" />
      </DeploymentItems>
      <Execution id="0623c9b0-c929-4171-af44-e89d54356d7e" />
      <TestMethod codeBase="C:/Users/Antonio/Desktop/Ventura20140728/Ventura/TDDVentura/bin/Debug/TDDVentura.DLL" adapterTypeName="Microsoft.VisualStudio.TestTools.TestTypes.Unit.UnitTestAdapter, Microsoft.VisualStudio.QualityTools.Tips.UnitTest.Adapter, Version=10.0.0.0, Culture=neutral, PublicKeyToken=b03f5f7f11d50a3a" className="TDDVentura.GestPerfilNeumaticoTest, TDDVentura, Version=1.0.0.0, Culture=neutral, PublicKeyToken=null" name="PintarEjeTest" />
    </UnitTest>
    <UnitTest name="cboNroEje_SelectedIndexChangedTest" storage="c:\users\antonio\desktop\ventura20140728\ventura\tddventura\bin\debug\tddventura.dll" id="3c2bda18-d360-568f-272c-fb0f18e86a1b">
      <DeploymentItems>
        <DeploymentItem filename="AplicacionSistemaVentura.exe" />
      </DeploymentItems>
      <Execution id="3d065887-c9be-4645-ac79-f90e1b7d6248" />
      <TestMethod codeBase="C:/Users/Antonio/Desktop/Ventura20140728/Ventura/TDDVentura/bin/Debug/TDDVentura.DLL" adapterTypeName="Microsoft.VisualStudio.TestTools.TestTypes.Unit.UnitTestAdapter, Microsoft.VisualStudio.QualityTools.Tips.UnitTest.Adapter, Version=10.0.0.0, Culture=neutral, PublicKeyToken=b03f5f7f11d50a3a" className="TDDVentura.GestPerfilNeumaticoTest, TDDVentura, Version=1.0.0.0, Culture=neutral, PublicKeyToken=null" name="cboNroEje_SelectedIndexChangedTest" />
    </UnitTest>
    <UnitTest name="EstadoEdicionTest" storage="c:\users\antonio\desktop\ventura20140728\ventura\tddventura\bin\debug\tddventura.dll" id="6c100e5e-4551-8023-cd41-1ac3bd84f1ba">
      <DeploymentItems>
        <DeploymentItem filename="AplicacionSistemaVentura.exe" />
      </DeploymentItems>
      <Execution id="6aa904bd-9e23-403d-a1bf-761b81797c39" />
      <TestMethod codeBase="C:/Users/Antonio/Desktop/Ventura20140728/Ventura/TDDVentura/bin/Debug/TDDVentura.DLL" adapterTypeName="Microsoft.VisualStudio.TestTools.TestTypes.Unit.UnitTestAdapter, Microsoft.VisualStudio.QualityTools.Tips.UnitTest.Adapter, Version=10.0.0.0, Culture=neutral, PublicKeyToken=b03f5f7f11d50a3a" className="TDDVentura.GestPerfilNeumaticoTest, TDDVentura, Version=1.0.0.0, Culture=neutral, PublicKeyToken=null" name="EstadoEdicionTest" />
    </UnitTest>
    <UnitTest name="ValidaLogicaNegocioTest" storage="c:\users\antonio\desktop\ventura20140728\ventura\tddventura\bin\debug\tddventura.dll" id="e6c1ca1b-aff0-7448-2e55-ad7dfbe24679">
      <DeploymentItems>
        <DeploymentItem filename="AplicacionSistemaVentura.exe" />
      </DeploymentItems>
      <Execution id="79807be7-0488-420b-aed2-999c73de152b" />
      <TestMethod codeBase="C:/Users/Antonio/Desktop/Ventura20140728/Ventura/TDDVentura/bin/Debug/TDDVentura.DLL" adapterTypeName="Microsoft.VisualStudio.TestTools.TestTypes.Unit.UnitTestAdapter, Microsoft.VisualStudio.QualityTools.Tips.UnitTest.Adapter, Version=10.0.0.0, Culture=neutral, PublicKeyToken=b03f5f7f11d50a3a" className="TDDVentura.GestPerfilNeumaticoTest, TDDVentura, Version=1.0.0.0, Culture=neutral, PublicKeyToken=null" name="ValidaLogicaNegocioTest" />
    </UnitTest>
    <UnitTest name="PintarNeumaticoTest" storage="c:\users\antonio\desktop\ventura20140728\ventura\tddventura\bin\debug\tddventura.dll" id="11a4fa1c-861b-bd8f-33a6-6d9bd2d0d5ac">
      <DeploymentItems>
        <DeploymentItem filename="AplicacionSistemaVentura.exe" />
      </DeploymentItems>
      <Execution id="b37bf9ec-b34c-458c-be57-b32ae9b7d229" />
      <TestMethod codeBase="C:/Users/Antonio/Desktop/Ventura20140728/Ventura/TDDVentura/bin/Debug/TDDVentura.DLL" adapterTypeName="Microsoft.VisualStudio.TestTools.TestTypes.Unit.UnitTestAdapter, Microsoft.VisualStudio.QualityTools.Tips.UnitTest.Adapter, Version=10.0.0.0, Culture=neutral, PublicKeyToken=b03f5f7f11d50a3a" className="TDDVentura.GestPerfilNeumaticoTest, TDDVentura, Version=1.0.0.0, Culture=neutral, PublicKeyToken=null" name="PintarNeumaticoTest" />
    </UnitTest>
    <UnitTest name="ListarPerfilNeumaticoTest" storage="c:\users\antonio\desktop\ventura20140728\ventura\tddventura\bin\debug\tddventura.dll" id="032808ca-936c-77d5-07ff-2d8ae417dc2f">
      <DeploymentItems>
        <DeploymentItem filename="AplicacionSistemaVentura.exe" />
      </DeploymentItems>
      <Execution id="4a5ebe3c-3c90-4989-af41-9c89c397c20e" />
      <TestMethod codeBase="C:/Users/Antonio/Desktop/Ventura20140728/Ventura/TDDVentura/bin/Debug/TDDVentura.DLL" adapterTypeName="Microsoft.VisualStudio.TestTools.TestTypes.Unit.UnitTestAdapter, Microsoft.VisualStudio.QualityTools.Tips.UnitTest.Adapter, Version=10.0.0.0, Culture=neutral, PublicKeyToken=b03f5f7f11d50a3a" className="TDDVentura.GestPerfilNeumaticoTest, TDDVentura, Version=1.0.0.0, Culture=neutral, PublicKeyToken=null" name="ListarPerfilNeumaticoTest" />
    </UnitTest>
    <UnitTest name="TestMethod1" storage="c:\users\antonio\desktop\ventura20140728\ventura\tddventura\bin\debug\tddventura.dll" id="b616902b-dced-a4d9-d133-32bbf99fdb83">
      <Execution id="6785dd9f-24e6-46b1-99f9-9fd2fb2242c1" />
      <TestMethod codeBase="C:/Users/Antonio/Desktop/Ventura20140728/Ventura/TDDVentura/bin/Debug/TDDVentura.DLL" adapterTypeName="Microsoft.VisualStudio.TestTools.TestTypes.Unit.UnitTestAdapter, Microsoft.VisualStudio.QualityTools.Tips.UnitTest.Adapter, Version=10.0.0.0, Culture=neutral, PublicKeyToken=b03f5f7f11d50a3a" className="TDDVentura.UnitTest1, TDDVentura, Version=1.0.0.0, Culture=neutral, PublicKeyToken=null" name="TestMethod1" />
    </UnitTest>
    <UnitTest name="LimpiarGridTest" storage="c:\users\antonio\desktop\ventura20140728\ventura\tddventura\bin\debug\tddventura.dll" id="e3f5b30e-dd1d-7e93-6278-3536b04a9ab4">
      <DeploymentItems>
        <DeploymentItem filename="AplicacionSistemaVentura.exe" />
      </DeploymentItems>
      <Execution id="cb9e9f7f-8ade-428f-b29b-f01a675d9e09" />
      <TestMethod codeBase="C:/Users/Antonio/Desktop/Ventura20140728/Ventura/TDDVentura/bin/Debug/TDDVentura.DLL" adapterTypeName="Microsoft.VisualStudio.TestTools.TestTypes.Unit.UnitTestAdapter, Microsoft.VisualStudio.QualityTools.Tips.UnitTest.Adapter, Version=10.0.0.0, Culture=neutral, PublicKeyToken=b03f5f7f11d50a3a" className="TDDVentura.GestPerfilNeumaticoTest, TDDVentura, Version=1.0.0.0, Culture=neutral, PublicKeyToken=null" name="LimpiarGridTest" />
    </UnitTest>
    <UnitTest name="txtDesc_KeyUpTest" storage="c:\users\antonio\desktop\ventura20140728\ventura\tddventura\bin\debug\tddventura.dll" id="1becd8ee-2c8a-a78d-217f-3d0559f6a784">
      <DeploymentItems>
        <DeploymentItem filename="AplicacionSistemaVentura.exe" />
      </DeploymentItems>
      <Execution id="d7b7ea61-673e-403d-97aa-a7a59e7ff6b3" />
      <TestMethod codeBase="C:/Users/Antonio/Desktop/Ventura20140728/Ventura/TDDVentura/bin/Debug/TDDVentura.DLL" adapterTypeName="Microsoft.VisualStudio.TestTools.TestTypes.Unit.UnitTestAdapter, Microsoft.VisualStudio.QualityTools.Tips.UnitTest.Adapter, Version=10.0.0.0, Culture=neutral, PublicKeyToken=b03f5f7f11d50a3a" className="TDDVentura.GestPerfilNeumaticoTest, TDDVentura, Version=1.0.0.0, Culture=neutral, PublicKeyToken=null" name="txtDesc_KeyUpTest" />
    </UnitTest>
  </TestDefinitions>
  <TestLists>
    <TestList name="Results Not in a List" id="8c84fa94-04c1-424b-9868-57a2d4851a1d" />
    <TestList name="All Loaded Results" id="19431567-8539-422a-85d7-44ee4e166bda" />
  </TestLists>
  <TestEntries>
    <TestEntry testId="1becd8ee-2c8a-a78d-217f-3d0559f6a784" executionId="d7b7ea61-673e-403d-97aa-a7a59e7ff6b3" testListId="8c84fa94-04c1-424b-9868-57a2d4851a1d" />
    <TestEntry testId="6dd6745c-2f58-acd9-85bc-b1e650de69e6" executionId="5b7675a1-0b4c-4756-94dd-b95d19a8988b" testListId="8c84fa94-04c1-424b-9868-57a2d4851a1d" />
    <TestEntry testId="d3e582fd-fda3-ef2a-80e1-dc06b091bf4c" executionId="0247eb86-5f65-4601-a4e3-b8dd1758660a" testListId="8c84fa94-04c1-424b-9868-57a2d4851a1d" />
    <TestEntry testId="11a4fa1c-861b-bd8f-33a6-6d9bd2d0d5ac" executionId="b37bf9ec-b34c-458c-be57-b32ae9b7d229" testListId="8c84fa94-04c1-424b-9868-57a2d4851a1d" />
    <TestEntry testId="b616902b-dced-a4d9-d133-32bbf99fdb83" executionId="6785dd9f-24e6-46b1-99f9-9fd2fb2242c1" testListId="8c84fa94-04c1-424b-9868-57a2d4851a1d" />
    <TestEntry testId="c6b3da3c-b305-f359-f273-d3a6a0bc20c0" executionId="3fed6590-c546-4710-af96-8a4234f17df4" testListId="8c84fa94-04c1-424b-9868-57a2d4851a1d" />
    <TestEntry testId="2d273999-c8a0-62c4-1439-ab129b651d8f" executionId="0623c9b0-c929-4171-af44-e89d54356d7e" testListId="8c84fa94-04c1-424b-9868-57a2d4851a1d" />
    <TestEntry testId="34633317-8120-3ba5-dc7b-d26e0e8fe124" executionId="d3425d78-8ac3-4b0b-8a24-8f5e6ab90765" testListId="8c84fa94-04c1-424b-9868-57a2d4851a1d" />
    <TestEntry testId="11c777dd-0af4-f0d8-77a4-88d47b2ecec0" executionId="b2ce246e-0f2b-432c-bd2b-6e1dbe786fa2" testListId="8c84fa94-04c1-424b-9868-57a2d4851a1d" />
    <TestEntry testId="8b6778f1-037d-45dd-245d-e889450b603b" executionId="f1d05495-cdc7-4994-beaa-e0389f6ac1aa" testListId="8c84fa94-04c1-424b-9868-57a2d4851a1d" />
    <TestEntry testId="b8c84d8e-4b9b-f64d-be5d-9b02bdddf3f1" executionId="d85626b1-1a94-4aae-87d8-f6b40c95f760" testListId="8c84fa94-04c1-424b-9868-57a2d4851a1d" />
    <TestEntry testId="57c22915-1571-3ea8-b1d3-5bb3f1000b53" executionId="0f15cff5-e90e-4aad-b297-dca0f706f166" testListId="8c84fa94-04c1-424b-9868-57a2d4851a1d" />
    <TestEntry testId="3c2bda18-d360-568f-272c-fb0f18e86a1b" executionId="3d065887-c9be-4645-ac79-f90e1b7d6248" testListId="8c84fa94-04c1-424b-9868-57a2d4851a1d" />
    <TestEntry testId="ca69f6f9-6574-3eb0-08b3-d8e1fde2504a" executionId="56a3187f-c150-44b7-b612-62aed03963c9" testListId="8c84fa94-04c1-424b-9868-57a2d4851a1d" />
    <TestEntry testId="4e485c4f-a7e9-6a97-d8e7-746b90629991" executionId="3d073b6a-3e4c-4670-a936-90f83124592e" testListId="8c84fa94-04c1-424b-9868-57a2d4851a1d" />
    <TestEntry testId="e27987a3-b8f9-ddfd-d0b6-9ae2e8e51289" executionId="da6bd86b-e386-40ac-97f6-cdcf6bf850ad" testListId="8c84fa94-04c1-424b-9868-57a2d4851a1d" />
    <TestEntry testId="f106a0a9-d39f-1ab3-5a92-69c914f90985" executionId="503e935e-4284-43a4-b421-66fcb627bede" testListId="8c84fa94-04c1-424b-9868-57a2d4851a1d" />
    <TestEntry testId="90e48841-9508-a43f-fbc8-f29a03ce34e0" executionId="87efd1b4-e564-4d93-9b30-630958d63aab" testListId="8c84fa94-04c1-424b-9868-57a2d4851a1d" />
    <TestEntry testId="6361acdc-dcba-73b3-4473-e46e9bf64d59" executionId="e406d7eb-5bcf-4098-b048-af9d8a1b9f72" testListId="8c84fa94-04c1-424b-9868-57a2d4851a1d" />
    <TestEntry testId="b2ed2b79-3302-03b0-5c80-29da7832a8fb" executionId="2c1a0a31-dc5e-4197-b9f9-29e9a3d223c5" testListId="8c84fa94-04c1-424b-9868-57a2d4851a1d" />
    <TestEntry testId="d3f917b7-7d71-0dec-4604-1a2bcf60978b" executionId="3ae10d1c-3d5e-4dcb-b116-d16eeeaf53a0" testListId="8c84fa94-04c1-424b-9868-57a2d4851a1d" />
    <TestEntry testId="c34a7807-1e8f-c9a3-ac6c-4e8a2d3a8f28" executionId="559a531b-74e9-47e1-8cd3-31acc9985fe2" testListId="8c84fa94-04c1-424b-9868-57a2d4851a1d" />
    <TestEntry testId="cd692052-1e14-8b68-94e8-48fd0eaf37eb" executionId="d87ec000-ade7-467c-879b-612bb417f266" testListId="8c84fa94-04c1-424b-9868-57a2d4851a1d" />
    <TestEntry testId="e6c1ca1b-aff0-7448-2e55-ad7dfbe24679" executionId="79807be7-0488-420b-aed2-999c73de152b" testListId="8c84fa94-04c1-424b-9868-57a2d4851a1d" />
    <TestEntry testId="39da4c68-d679-c2d7-f103-8758675e8bef" executionId="6027aeab-6fa7-411f-981e-2ca040eeb528" testListId="8c84fa94-04c1-424b-9868-57a2d4851a1d" />
    <TestEntry testId="e3f5b30e-dd1d-7e93-6278-3536b04a9ab4" executionId="cb9e9f7f-8ade-428f-b29b-f01a675d9e09" testListId="8c84fa94-04c1-424b-9868-57a2d4851a1d" />
    <TestEntry testId="a455db1e-363b-049c-80f3-977dbf6a9fd5" executionId="c7b7a38a-7fb2-4077-bebf-ed9787de06c5" testListId="8c84fa94-04c1-424b-9868-57a2d4851a1d" />
    <TestEntry testId="032808ca-936c-77d5-07ff-2d8ae417dc2f" executionId="4a5ebe3c-3c90-4989-af41-9c89c397c20e" testListId="8c84fa94-04c1-424b-9868-57a2d4851a1d" />
    <TestEntry testId="6c100e5e-4551-8023-cd41-1ac3bd84f1ba" executionId="6aa904bd-9e23-403d-a1bf-761b81797c39" testListId="8c84fa94-04c1-424b-9868-57a2d4851a1d" />
    <TestEntry testId="3350f1ef-bae7-a170-28a2-f6d4ef908ec2" executionId="b65a606e-3bbf-4032-8394-09b5a57b58f0" testListId="8c84fa94-04c1-424b-9868-57a2d4851a1d" />
    <TestEntry testId="0848aa6c-780c-1647-89fc-4a00f35cb2b0" executionId="d501a913-6d58-4da6-82a3-df0f99e87986" testListId="8c84fa94-04c1-424b-9868-57a2d4851a1d" />
    <TestEntry testId="d55aab20-b9c5-4a2d-3177-a2f8f5f39c9b" executionId="5804ee56-13f3-4944-a528-3a3418eb20ee" testListId="8c84fa94-04c1-424b-9868-57a2d4851a1d" />
  </TestEntries>
  <Results>
    <UnitTestResult executionId="d7b7ea61-673e-403d-97aa-a7a59e7ff6b3" testId="1becd8ee-2c8a-a78d-217f-3d0559f6a784" testName="txtDesc_KeyUpTest" computerName="ASUS" duration="00:00:00.4985109" startTime="2014-07-29T22:58:18.2605535-05:00" endTime="2014-07-29T22:58:19.0670884-05:00" testType="13cdc9d9-ddb5-4fa4-a97d-d965ccfc6d4b" outcome="Failed" testListId="8c84fa94-04c1-424b-9868-57a2d4851a1d" relativeResultsDirectory="d7b7ea61-673e-403d-97aa-a7a59e7ff6b3">
      <Output>
        <ErrorInfo>
          <Message>Test method TDDVentura.GestPerfilNeumaticoTest.txtDesc_KeyUpTest threw exception: 
System.NullReferenceException: Referencia a objeto no establecida como instancia de un objeto.</Message>
          <StackTrace>   en AplicacionSistemaVentura.PAQ01_Definicion.GestPerfilNeumatico_Accessor.txtDesc_KeyUp(Object sender, KeyEventArgs e)
   en TDDVentura.GestPerfilNeumaticoTest.txtDesc_KeyUpTest() en C:\Users\Antonio\Desktop\Ventura20140728\Ventura\TDDVentura\GestPerfilNeumaticoTest.cs:línea 482
</StackTrace>
        </ErrorInfo>
      </Output>
    </UnitTestResult>
    <UnitTestResult executionId="5b7675a1-0b4c-4756-94dd-b95d19a8988b" testId="6dd6745c-2f58-acd9-85bc-b1e650de69e6" testName="MensajeTest" computerName="ASUS" duration="00:00:00.0645797" startTime="2014-07-29T22:58:19.0730930-05:00" endTime="2014-07-29T22:58:19.1421384-05:00" testType="13cdc9d9-ddb5-4fa4-a97d-d965ccfc6d4b" outcome="Failed" testListId="8c84fa94-04c1-424b-9868-57a2d4851a1d" relativeResultsDirectory="5b7675a1-0b4c-4756-94dd-b95d19a8988b">
      <Output>
        <ErrorInfo>
          <Message>Test method TDDVentura.GestPerfilNeumaticoTest.MensajeTest threw exception: 
System.NullReferenceException: Referencia a objeto no establecida como instancia de un objeto.</Message>
          <StackTrace>   en AplicacionSistemaVentura.PAQ01_Definicion.GestPerfilNeumatico_Accessor.Mensaje(String strMensaje, Int32 intTipo)
   en TDDVentura.GestPerfilNeumaticoTest.MensajeTest() en C:\Users\Antonio\Desktop\Ventura20140728\Ventura\TDDVentura\GestPerfilNeumaticoTest.cs:línea 202
</StackTrace>
        </ErrorInfo>
      </Output>
    </UnitTestResult>
    <UnitTestResult executionId="0247eb86-5f65-4601-a4e3-b8dd1758660a" testId="d3e582fd-fda3-ef2a-80e1-dc06b091bf4c" testName="PintarLlantaRepuestoTest" computerName="ASUS" duration="00:00:00.0393823" startTime="2014-07-29T22:58:19.1481424-05:00" endTime="2014-07-29T22:58:19.1901704-05:00" testType="13cdc9d9-ddb5-4fa4-a97d-d965ccfc6d4b" outcome="Passed" testListId="8c84fa94-04c1-424b-9868-57a2d4851a1d" relativeResultsDirectory="0247eb86-5f65-4601-a4e3-b8dd1758660a">
    </UnitTestResult>
    <UnitTestResult executionId="b37bf9ec-b34c-458c-be57-b32ae9b7d229" testId="11a4fa1c-861b-bd8f-33a6-6d9bd2d0d5ac" testName="PintarNeumaticoTest" computerName="ASUS" duration="00:00:00.2235295" startTime="2014-07-29T22:58:19.1961744-05:00" endTime="2014-07-29T22:58:19.4233268-05:00" testType="13cdc9d9-ddb5-4fa4-a97d-d965ccfc6d4b" outcome="Inconclusive" testListId="8c84fa94-04c1-424b-9868-57a2d4851a1d" relativeResultsDirectory="b37bf9ec-b34c-458c-be57-b32ae9b7d229">
      <Output>
        <ErrorInfo>
          <Message>Assert.Inconclusive failed. A method that does not return a value cannot be verified.</Message>
          <StackTrace>   en TDDVentura.GestPerfilNeumaticoTest.PintarNeumaticoTest() en C:\Users\Antonio\Desktop\Ventura20140728\Ventura\TDDVentura\GestPerfilNeumaticoTest.cs:línea 271
</StackTrace>
        </ErrorInfo>
      </Output>
    </UnitTestResult>
    <UnitTestResult executionId="6785dd9f-24e6-46b1-99f9-9fd2fb2242c1" testId="b616902b-dced-a4d9-d133-32bbf99fdb83" testName="TestMethod1" computerName="ASUS" duration="00:00:00.0002503" startTime="2014-07-29T22:58:19.4293297-05:00" endTime="2014-07-29T22:58:19.4333335-05:00" testType="13cdc9d9-ddb5-4fa4-a97d-d965ccfc6d4b" outcome="Passed" testListId="8c84fa94-04c1-424b-9868-57a2d4851a1d" relativeResultsDirectory="6785dd9f-24e6-46b1-99f9-9fd2fb2242c1">
    </UnitTestResult>
    <UnitTestResult executionId="3fed6590-c546-4710-af96-8a4234f17df4" testId="c6b3da3c-b305-f359-f273-d3a6a0bc20c0" testName="GestPerfilNeumaticoConstructorTest" computerName="ASUS" duration="00:00:00.0564507" startTime="2014-07-29T22:58:19.4393369-05:00" endTime="2014-07-29T22:58:19.4993769-05:00" testType="13cdc9d9-ddb5-4fa4-a97d-d965ccfc6d4b" outcome="Inconclusive" testListId="8c84fa94-04c1-424b-9868-57a2d4851a1d" relativeResultsDirectory="3fed6590-c546-4710-af96-8a4234f17df4">
      <Output>
        <ErrorInfo>
          <Message>Assert.Inconclusive failed. TODO: Implement code to verify target</Message>
          <StackTrace>   en TDDVentura.GestPerfilNeumaticoTest.GestPerfilNeumaticoConstructorTest() en C:\Users\Antonio\Desktop\Ventura20140728\Ventura\TDDVentura\GestPerfilNeumaticoTest.cs:línea 81
</StackTrace>
        </ErrorInfo>
      </Output>
    </UnitTestResult>
    <UnitTestResult executionId="0623c9b0-c929-4171-af44-e89d54356d7e" testId="2d273999-c8a0-62c4-1439-ab129b651d8f" testName="PintarEjeTest" computerName="ASUS" duration="00:00:00.0767673" startTime="2014-07-29T22:58:19.5043803-05:00" endTime="2014-07-29T22:58:19.5834323-05:00" testType="13cdc9d9-ddb5-4fa4-a97d-d965ccfc6d4b" outcome="Inconclusive" testListId="8c84fa94-04c1-424b-9868-57a2d4851a1d" relativeResultsDirectory="0623c9b0-c929-4171-af44-e89d54356d7e">
      <Output>
        <ErrorInfo>
          <Message>Assert.Inconclusive failed. A method that does not return a value cannot be verified.</Message>
          <StackTrace>   en TDDVentura.GestPerfilNeumaticoTest.PintarEjeTest() en C:\Users\Antonio\Desktop\Ventura20140728\Ventura\TDDVentura\GestPerfilNeumaticoTest.cs:línea 244
</StackTrace>
        </ErrorInfo>
      </Output>
    </UnitTestResult>
    <UnitTestResult executionId="d3425d78-8ac3-4b0b-8a24-8f5e6ab90765" testId="34633317-8120-3ba5-dc7b-d26e0e8fe124" testName="cboNroLlanta_SelectedIndexChangedTest" computerName="ASUS" duration="00:00:00.1775256" startTime="2014-07-29T22:58:19.5884363-05:00" endTime="2014-07-29T22:58:19.7685557-05:00" testType="13cdc9d9-ddb5-4fa4-a97d-d965ccfc6d4b" outcome="Failed" testListId="8c84fa94-04c1-424b-9868-57a2d4851a1d" relativeResultsDirectory="d3425d78-8ac3-4b0b-8a24-8f5e6ab90765">
      <Output>
        <ErrorInfo>
          <Message>Test method TDDVentura.GestPerfilNeumaticoTest.cboNroLlanta_SelectedIndexChangedTest threw exception: 
System.NullReferenceException: Referencia a objeto no establecida como instancia de un objeto.</Message>
          <StackTrace>   en AplicacionSistemaVentura.PAQ01_Definicion.GestPerfilNeumatico_Accessor.cboNroLlanta_SelectedIndexChanged(Object sender, RoutedEventArgs e)
   en TDDVentura.GestPerfilNeumaticoTest.cboNroLlanta_SelectedIndexChangedTest() en C:\Users\Antonio\Desktop\Ventura20140728\Ventura\TDDVentura\GestPerfilNeumaticoTest.cs:línea 440
</StackTrace>
        </ErrorInfo>
      </Output>
    </UnitTestResult>
    <UnitTestResult executionId="b2ce246e-0f2b-432c-bd2b-6e1dbe786fa2" testId="11c777dd-0af4-f0d8-77a4-88d47b2ecec0" testName="OutFocusTest" computerName="ASUS" duration="00:00:00.1872643" startTime="2014-07-29T22:58:19.7735596-05:00" endTime="2014-07-29T22:58:19.9636856-05:00" testType="13cdc9d9-ddb5-4fa4-a97d-d965ccfc6d4b" outcome="Failed" testListId="8c84fa94-04c1-424b-9868-57a2d4851a1d" relativeResultsDirectory="b2ce246e-0f2b-432c-bd2b-6e1dbe786fa2">
      <Output>
        <ErrorInfo>
          <Message>Test method TDDVentura.GestPerfilNeumaticoTest.OutFocusTest threw exception: 
System.NullReferenceException: Referencia a objeto no establecida como instancia de un objeto.</Message>
          <StackTrace>   en AplicacionSistemaVentura.PAQ01_Definicion.GestPerfilNeumatico_Accessor.OutFocus(Object sender, RoutedEventArgs e)
   en TDDVentura.GestPerfilNeumaticoTest.OutFocusTest() en C:\Users\Antonio\Desktop\Ventura20140728\Ventura\TDDVentura\GestPerfilNeumaticoTest.cs:línea 230
</StackTrace>
        </ErrorInfo>
      </Output>
    </UnitTestResult>
    <UnitTestResult executionId="f1d05495-cdc7-4994-beaa-e0389f6ac1aa" testId="8b6778f1-037d-45dd-245d-e889450b603b" testName="tbvPerfNeumEje_ShowingEditorTest" computerName="ASUS" duration="00:00:00.1784921" startTime="2014-07-29T22:58:19.9696902-05:00" endTime="2014-07-29T22:58:20.1528122-05:00" testType="13cdc9d9-ddb5-4fa4-a97d-d965ccfc6d4b" outcome="Failed" testListId="8c84fa94-04c1-424b-9868-57a2d4851a1d" relativeResultsDirectory="f1d05495-cdc7-4994-beaa-e0389f6ac1aa">
      <Output>
        <ErrorInfo>
          <Message>Test method TDDVentura.GestPerfilNeumaticoTest.tbvPerfNeumEje_ShowingEditorTest threw exception: 
System.NullReferenceException: Referencia a objeto no establecida como instancia de un objeto.</Message>
          <StackTrace>   en AplicacionSistemaVentura.PAQ01_Definicion.GestPerfilNeumatico_Accessor.tbvPerfNeumEje_ShowingEditor(Object sender, ShowingEditorEventArgs e)
   en TDDVentura.GestPerfilNeumaticoTest.tbvPerfNeumEje_ShowingEditorTest() en C:\Users\Antonio\Desktop\Ventura20140728\Ventura\TDDVentura\GestPerfilNeumaticoTest.cs:línea 468
</StackTrace>
        </ErrorInfo>
      </Output>
    </UnitTestResult>
    <UnitTestResult executionId="d85626b1-1a94-4aae-87d8-f6b40c95f760" testId="b8c84d8e-4b9b-f64d-be5d-9b02bdddf3f1" testName="btnNuevo_ClickTest" computerName="ASUS" duration="00:00:00.1664983" startTime="2014-07-29T22:58:20.1678222-05:00" endTime="2014-07-29T22:58:20.3389373-05:00" testType="13cdc9d9-ddb5-4fa4-a97d-d965ccfc6d4b" outcome="Inconclusive" testListId="8c84fa94-04c1-424b-9868-57a2d4851a1d" relativeResultsDirectory="d85626b1-1a94-4aae-87d8-f6b40c95f760">
      <Output>
        <ErrorInfo>
          <Message>Assert.Inconclusive failed. A method that does not return a value cannot be verified.</Message>
          <StackTrace>   en TDDVentura.GestPerfilNeumaticoTest.btnNuevo_ClickTest() en C:\Users\Antonio\Desktop\Ventura20140728\Ventura\TDDVentura\GestPerfilNeumaticoTest.cs:línea 399
</StackTrace>
        </ErrorInfo>
      </Output>
    </UnitTestResult>
    <UnitTestResult executionId="0f15cff5-e90e-4aad-b297-dca0f706f166" testId="57c22915-1571-3ea8-b1d3-5bb3f1000b53" testName="btnEditar_ClickTest" computerName="ASUS" duration="00:00:00.1457187" startTime="2014-07-29T22:58:20.3449402-05:00" endTime="2014-07-29T22:58:20.4940400-05:00" testType="13cdc9d9-ddb5-4fa4-a97d-d965ccfc6d4b" outcome="Failed" testListId="8c84fa94-04c1-424b-9868-57a2d4851a1d" relativeResultsDirectory="0f15cff5-e90e-4aad-b297-dca0f706f166">
      <Output>
        <ErrorInfo>
          <Message>Test method TDDVentura.GestPerfilNeumaticoTest.btnEditar_ClickTest threw exception: 
System.NullReferenceException: Referencia a objeto no establecida como instancia de un objeto.</Message>
          <StackTrace>   en AplicacionSistemaVentura.PAQ01_Definicion.GestPerfilNeumatico_Accessor.btnEditar_Click(Object sender, RoutedEventArgs e)
   en TDDVentura.GestPerfilNeumaticoTest.btnEditar_ClickTest() en C:\Users\Antonio\Desktop\Ventura20140728\Ventura\TDDVentura\GestPerfilNeumaticoTest.cs:línea 370
</StackTrace>
        </ErrorInfo>
      </Output>
    </UnitTestResult>
    <UnitTestResult executionId="3d065887-c9be-4645-ac79-f90e1b7d6248" testId="3c2bda18-d360-568f-272c-fb0f18e86a1b" testName="cboNroEje_SelectedIndexChangedTest" computerName="ASUS" duration="00:00:00.0783062" startTime="2014-07-29T22:58:20.5000429-05:00" endTime="2014-07-29T22:58:20.5820976-05:00" testType="13cdc9d9-ddb5-4fa4-a97d-d965ccfc6d4b" outcome="Failed" testListId="8c84fa94-04c1-424b-9868-57a2d4851a1d" relativeResultsDirectory="3d065887-c9be-4645-ac79-f90e1b7d6248">
      <Output>
        <ErrorInfo>
          <Message>Test method TDDVentura.GestPerfilNeumaticoTest.cboNroEje_SelectedIndexChangedTest threw exception: 
System.NullReferenceException: Referencia a objeto no establecida como instancia de un objeto.</Message>
          <StackTrace>   en AplicacionSistemaVentura.PAQ01_Definicion.GestPerfilNeumatico_Accessor.cboNroEje_SelectedIndexChanged(Object sender, RoutedEventArgs e)
   en TDDVentura.GestPerfilNeumaticoTest.cboNroEje_SelectedIndexChangedTest() en C:\Users\Antonio\Desktop\Ventura20140728\Ventura\TDDVentura\GestPerfilNeumaticoTest.cs:línea 426
</StackTrace>
        </ErrorInfo>
      </Output>
    </UnitTestResult>
    <UnitTestResult executionId="56a3187f-c150-44b7-b612-62aed03963c9" testId="ca69f6f9-6574-3eb0-08b3-d8e1fde2504a" testName="ComboEnGrillaTest" computerName="ASUS" duration="00:00:00.0836004" startTime="2014-07-29T22:58:20.5871015-05:00" endTime="2014-07-29T22:58:20.6741594-05:00" testType="13cdc9d9-ddb5-4fa4-a97d-d965ccfc6d4b" outcome="Failed" testListId="8c84fa94-04c1-424b-9868-57a2d4851a1d" relativeResultsDirectory="56a3187f-c150-44b7-b612-62aed03963c9">
      <Output>
        <ErrorInfo>
          <Message>Test method TDDVentura.GestPerfilNeumaticoTest.ComboEnGrillaTest threw exception: 
System.NullReferenceException: Referencia a objeto no establecida como instancia de un objeto.</Message>
          <StackTrace>   en AplicacionSistemaVentura.PAQ01_Definicion.GestPerfilNeumatico_Accessor.ComboEnGrilla(DataTable tblDetalleEjeresult)
   en TDDVentura.GestPerfilNeumaticoTest.ComboEnGrillaTest() en C:\Users\Antonio\Desktop\Ventura20140728\Ventura\TDDVentura\GestPerfilNeumaticoTest.cs:línea 104
</StackTrace>
        </ErrorInfo>
      </Output>
    </UnitTestResult>
    <UnitTestResult executionId="3d073b6a-3e4c-4670-a936-90f83124592e" testId="4e485c4f-a7e9-6a97-d8e7-746b90629991" testName="OnFocusTest" computerName="ASUS" duration="00:00:00.0596089" startTime="2014-07-29T22:58:20.6791628-05:00" endTime="2014-07-29T22:58:20.7422042-05:00" testType="13cdc9d9-ddb5-4fa4-a97d-d965ccfc6d4b" outcome="Failed" testListId="8c84fa94-04c1-424b-9868-57a2d4851a1d" relativeResultsDirectory="3d073b6a-3e4c-4670-a936-90f83124592e">
      <Output>
        <ErrorInfo>
          <Message>Test method TDDVentura.GestPerfilNeumaticoTest.OnFocusTest threw exception: 
System.NullReferenceException: Referencia a objeto no establecida como instancia de un objeto.</Message>
          <StackTrace>   en AplicacionSistemaVentura.PAQ01_Definicion.GestPerfilNeumatico_Accessor.OnFocus(Object sender, RoutedEventArgs e)
   en TDDVentura.GestPerfilNeumaticoTest.OnFocusTest() en C:\Users\Antonio\Desktop\Ventura20140728\Ventura\TDDVentura\GestPerfilNeumaticoTest.cs:línea 216
</StackTrace>
        </ErrorInfo>
      </Output>
    </UnitTestResult>
    <UnitTestResult executionId="da6bd86b-e386-40ac-97f6-cdcf6bf850ad" testId="e27987a3-b8f9-ddfd-d0b6-9ae2e8e51289" testName="btnCancelar_ClickTest" computerName="ASUS" duration="00:00:00.1810949" startTime="2014-07-29T22:58:20.7482082-05:00" endTime="2014-07-29T22:58:20.9333327-05:00" testType="13cdc9d9-ddb5-4fa4-a97d-d965ccfc6d4b" outcome="Inconclusive" testListId="8c84fa94-04c1-424b-9868-57a2d4851a1d" relativeResultsDirectory="da6bd86b-e386-40ac-97f6-cdcf6bf850ad">
      <Output>
        <ErrorInfo>
          <Message>Assert.Inconclusive failed. A method that does not return a value cannot be verified.</Message>
          <StackTrace>   en TDDVentura.GestPerfilNeumaticoTest.btnCancelar_ClickTest() en C:\Users\Antonio\Desktop\Ventura20140728\Ventura\TDDVentura\GestPerfilNeumaticoTest.cs:línea 357
</StackTrace>
        </ErrorInfo>
      </Output>
    </UnitTestResult>
    <UnitTestResult executionId="503e935e-4284-43a4-b421-66fcb627bede" testId="f106a0a9-d39f-1ab3-5a92-69c914f90985" testName="ConnectTest1" computerName="ASUS" duration="00:00:00.0494471" startTime="2014-07-29T22:58:20.9393355-05:00" endTime="2014-07-29T22:58:20.9933715-05:00" testType="13cdc9d9-ddb5-4fa4-a97d-d965ccfc6d4b" outcome="Inconclusive" testListId="8c84fa94-04c1-424b-9868-57a2d4851a1d" relativeResultsDirectory="503e935e-4284-43a4-b421-66fcb627bede">
      <Output>
        <ErrorInfo>
          <Message>Assert.Inconclusive failed. A method that does not return a value cannot be verified.</Message>
          <StackTrace>   en TDDVentura.GestPerfilNeumaticoTest.ConnectTest1() en C:\Users\Antonio\Desktop\Ventura20140728\Ventura\TDDVentura\GestPerfilNeumaticoTest.cs:línea 299
</StackTrace>
        </ErrorInfo>
      </Output>
    </UnitTestResult>
    <UnitTestResult executionId="87efd1b4-e564-4d93-9b30-630958d63aab" testId="90e48841-9508-a43f-fbc8-f29a03ce34e0" testName="ConnectTest" computerName="ASUS" duration="00:00:00.0887964" startTime="2014-07-29T22:58:20.9983748-05:00" endTime="2014-07-29T22:58:21.0894355-05:00" testType="13cdc9d9-ddb5-4fa4-a97d-d965ccfc6d4b" outcome="Inconclusive" testListId="8c84fa94-04c1-424b-9868-57a2d4851a1d" relativeResultsDirectory="87efd1b4-e564-4d93-9b30-630958d63aab">
      <Output>
        <ErrorInfo>
          <Message>Assert.Inconclusive failed. A method that does not return a value cannot be verified.</Message>
          <StackTrace>   en TDDVentura.GestPerfilNeumaticoTest.ConnectTest() en C:\Users\Antonio\Desktop\Ventura20140728\Ventura\TDDVentura\GestPerfilNeumaticoTest.cs:línea 285
</StackTrace>
        </ErrorInfo>
      </Output>
    </UnitTestResult>
    <UnitTestResult executionId="e406d7eb-5bcf-4098-b048-af9d8a1b9f72" testId="6361acdc-dcba-73b3-4473-e46e9bf64d59" testName="LimpiarControlesTest" computerName="ASUS" duration="00:00:00.1314664" startTime="2014-07-29T22:58:21.0964407-05:00" endTime="2014-07-29T22:58:21.2325314-05:00" testType="13cdc9d9-ddb5-4fa4-a97d-d965ccfc6d4b" outcome="Inconclusive" testListId="8c84fa94-04c1-424b-9868-57a2d4851a1d" relativeResultsDirectory="e406d7eb-5bcf-4098-b048-af9d8a1b9f72">
      <Output>
        <ErrorInfo>
          <Message>Assert.Inconclusive failed. A method that does not return a value cannot be verified.</Message>
          <StackTrace>   en TDDVentura.GestPerfilNeumaticoTest.LimpiarControlesTest() en C:\Users\Antonio\Desktop\Ventura20140728\Ventura\TDDVentura\GestPerfilNeumaticoTest.cs:línea 164
</StackTrace>
        </ErrorInfo>
      </Output>
    </UnitTestResult>
    <UnitTestResult executionId="2c1a0a31-dc5e-4197-b9f9-29e9a3d223c5" testId="b2ed2b79-3302-03b0-5c80-29da7832a8fb" testName="ValidaCampoObligadoTest" computerName="ASUS" duration="00:00:00.1347552" startTime="2014-07-29T22:58:21.2375347-05:00" endTime="2014-07-29T22:58:21.3766291-05:00" testType="13cdc9d9-ddb5-4fa4-a97d-d965ccfc6d4b" outcome="Failed" testListId="8c84fa94-04c1-424b-9868-57a2d4851a1d" relativeResultsDirectory="2c1a0a31-dc5e-4197-b9f9-29e9a3d223c5">
      <Output>
        <ErrorInfo>
          <Message>Test method TDDVentura.GestPerfilNeumaticoTest.ValidaCampoObligadoTest threw exception: 
System.NullReferenceException: Referencia a objeto no establecida como instancia de un objeto.</Message>
          <StackTrace>   en AplicacionSistemaVentura.PAQ01_Definicion.GestPerfilNeumatico_Accessor.ValidaCampoObligado()
   en TDDVentura.GestPerfilNeumaticoTest.ValidaCampoObligadoTest() en C:\Users\Antonio\Desktop\Ventura20140728\Ventura\TDDVentura\GestPerfilNeumaticoTest.cs:línea 326
</StackTrace>
        </ErrorInfo>
      </Output>
    </UnitTestResult>
    <UnitTestResult executionId="3ae10d1c-3d5e-4dcb-b116-d16eeeaf53a0" testId="d3f917b7-7d71-0dec-4604-1a2bcf60978b" testName="InitializeComponentTest" computerName="ASUS" duration="00:00:00.0446878" startTime="2014-07-29T22:58:21.3816307-05:00" endTime="2014-07-29T22:58:21.4296627-05:00" testType="13cdc9d9-ddb5-4fa4-a97d-d965ccfc6d4b" outcome="Inconclusive" testListId="8c84fa94-04c1-424b-9868-57a2d4851a1d" relativeResultsDirectory="3ae10d1c-3d5e-4dcb-b116-d16eeeaf53a0">
      <Output>
        <ErrorInfo>
          <Message>Assert.Inconclusive failed. A method that does not return a value cannot be verified.</Message>
          <StackTrace>   en TDDVentura.GestPerfilNeumaticoTest.InitializeComponentTest() en C:\Users\Antonio\Desktop\Ventura20140728\Ventura\TDDVentura\GestPerfilNeumaticoTest.cs:línea 152
</StackTrace>
        </ErrorInfo>
      </Output>
    </UnitTestResult>
    <UnitTestResult executionId="559a531b-74e9-47e1-8cd3-31acc9985fe2" testId="c34a7807-1e8f-c9a3-ac6c-4e8a2d3a8f28" testName="btnGrabar_ClickTest" computerName="ASUS" duration="00:00:00.2393873" startTime="2014-07-29T22:58:21.4356667-05:00" endTime="2014-07-29T22:58:21.6778274-05:00" testType="13cdc9d9-ddb5-4fa4-a97d-d965ccfc6d4b" outcome="Failed" testListId="8c84fa94-04c1-424b-9868-57a2d4851a1d" relativeResultsDirectory="559a531b-74e9-47e1-8cd3-31acc9985fe2">
      <Output>
        <ErrorInfo>
          <Message>Test method TDDVentura.GestPerfilNeumaticoTest.btnGrabar_ClickTest threw exception: 
System.NullReferenceException: Referencia a objeto no establecida como instancia de un objeto.</Message>
          <StackTrace>   en AplicacionSistemaVentura.PAQ01_Definicion.GestPerfilNeumatico_Accessor.btnGrabar_Click(Object sender, RoutedEventArgs e)
   en TDDVentura.GestPerfilNeumaticoTest.btnGrabar_ClickTest() en C:\Users\Antonio\Desktop\Ventura20140728\Ventura\TDDVentura\GestPerfilNeumaticoTest.cs:línea 384
</StackTrace>
        </ErrorInfo>
      </Output>
    </UnitTestResult>
    <UnitTestResult executionId="d87ec000-ade7-467c-879b-612bb417f266" testId="cd692052-1e14-8b68-94e8-48fd0eaf37eb" testName="UserControl_LoadedTest" computerName="ASUS" duration="00:00:00.0432687" startTime="2014-07-29T22:58:21.6828308-05:00" endTime="2014-07-29T22:58:21.7338647-05:00" testType="13cdc9d9-ddb5-4fa4-a97d-d965ccfc6d4b" outcome="Failed" testListId="8c84fa94-04c1-424b-9868-57a2d4851a1d" relativeResultsDirectory="d87ec000-ade7-467c-879b-612bb417f266">
      <Output>
        <ErrorInfo>
          <Message>Test method TDDVentura.GestPerfilNeumaticoTest.UserControl_LoadedTest threw exception: 
System.NullReferenceException: Referencia a objeto no establecida como instancia de un objeto.</Message>
          <StackTrace>   en AplicacionSistemaVentura.PAQ01_Definicion.GestPerfilNeumatico_Accessor.UserControl_Loaded(Object sender, RoutedEventArgs e)
   en TDDVentura.GestPerfilNeumaticoTest.UserControl_LoadedTest() en C:\Users\Antonio\Desktop\Ventura20140728\Ventura\TDDVentura\GestPerfilNeumaticoTest.cs:línea 312
</StackTrace>
        </ErrorInfo>
      </Output>
    </UnitTestResult>
    <UnitTestResult executionId="79807be7-0488-420b-aed2-999c73de152b" testId="e6c1ca1b-aff0-7448-2e55-ad7dfbe24679" testName="ValidaLogicaNegocioTest" computerName="ASUS" duration="00:00:00.2046782" startTime="2014-07-29T22:58:21.7388675-05:00" endTime="2014-07-29T22:58:21.9470067-05:00" testType="13cdc9d9-ddb5-4fa4-a97d-d965ccfc6d4b" outcome="Failed" testListId="8c84fa94-04c1-424b-9868-57a2d4851a1d" relativeResultsDirectory="79807be7-0488-420b-aed2-999c73de152b">
      <Output>
        <ErrorInfo>
          <Message>Test method TDDVentura.GestPerfilNeumaticoTest.ValidaLogicaNegocioTest threw exception: 
System.NullReferenceException: Referencia a objeto no establecida como instancia de un objeto.</Message>
          <StackTrace>   en AplicacionSistemaVentura.PAQ01_Definicion.GestPerfilNeumatico_Accessor.ValidaLogicaNegocio()
   en TDDVentura.GestPerfilNeumaticoTest.ValidaLogicaNegocioTest() en C:\Users\Antonio\Desktop\Ventura20140728\Ventura\TDDVentura\GestPerfilNeumaticoTest.cs:línea 341
</StackTrace>
        </ErrorInfo>
      </Output>
    </UnitTestResult>
    <UnitTestResult executionId="6027aeab-6fa7-411f-981e-2ca040eeb528" testId="39da4c68-d679-c2d7-f103-8758675e8bef" testName="dtgPerfNeum_MouseDoubleClickTest" computerName="ASUS" duration="00:00:00.0588163" startTime="2014-07-29T22:58:21.9530107-05:00" endTime="2014-07-29T22:58:22.0150538-05:00" testType="13cdc9d9-ddb5-4fa4-a97d-d965ccfc6d4b" outcome="Failed" testListId="8c84fa94-04c1-424b-9868-57a2d4851a1d" relativeResultsDirectory="6027aeab-6fa7-411f-981e-2ca040eeb528">
      <Output>
        <ErrorInfo>
          <Message>Test method TDDVentura.GestPerfilNeumaticoTest.dtgPerfNeum_MouseDoubleClickTest threw exception: 
System.NullReferenceException: Referencia a objeto no establecida como instancia de un objeto.</Message>
          <StackTrace>   en AplicacionSistemaVentura.PAQ01_Definicion.GestPerfilNeumatico_Accessor.dtgPerfNeum_MouseDoubleClick(Object sender, MouseButtonEventArgs e)
   en TDDVentura.GestPerfilNeumaticoTest.dtgPerfNeum_MouseDoubleClickTest() en C:\Users\Antonio\Desktop\Ventura20140728\Ventura\TDDVentura\GestPerfilNeumaticoTest.cs:línea 454
</StackTrace>
        </ErrorInfo>
      </Output>
    </UnitTestResult>
    <UnitTestResult executionId="cb9e9f7f-8ade-428f-b29b-f01a675d9e09" testId="e3f5b30e-dd1d-7e93-6278-3536b04a9ab4" testName="LimpiarGridTest" computerName="ASUS" duration="00:00:00.0968987" startTime="2014-07-29T22:58:22.0200554-05:00" endTime="2014-07-29T22:58:22.1201249-05:00" testType="13cdc9d9-ddb5-4fa4-a97d-d965ccfc6d4b" outcome="Failed" testListId="8c84fa94-04c1-424b-9868-57a2d4851a1d" relativeResultsDirectory="cb9e9f7f-8ade-428f-b29b-f01a675d9e09">
      <Output>
        <ErrorInfo>
          <Message>Test method TDDVentura.GestPerfilNeumaticoTest.LimpiarGridTest threw exception: 
System.ArgumentNullException: El valor no puede ser nulo.
Nombre del parámetro: element</Message>
          <StackTrace>   en AplicacionSistemaVentura.PAQ01_Definicion.GestPerfilNeumatico_Accessor.LimpiarGrid(Grid grilla)
   en TDDVentura.GestPerfilNeumaticoTest.LimpiarGridTest() en C:\Users\Antonio\Desktop\Ventura20140728\Ventura\TDDVentura\GestPerfilNeumaticoTest.cs:línea 176
</StackTrace>
        </ErrorInfo>
      </Output>
    </UnitTestResult>
    <UnitTestResult executionId="c7b7a38a-7fb2-4077-bebf-ed9787de06c5" testId="a455db1e-363b-049c-80f3-977dbf6a9fd5" testName="EstadoFormTest" computerName="ASUS" duration="00:00:00.1764280" startTime="2014-07-29T22:58:22.1251254-05:00" endTime="2014-07-29T22:58:22.3042452-05:00" testType="13cdc9d9-ddb5-4fa4-a97d-d965ccfc6d4b" outcome="Inconclusive" testListId="8c84fa94-04c1-424b-9868-57a2d4851a1d" relativeResultsDirectory="c7b7a38a-7fb2-4077-bebf-ed9787de06c5">
      <Output>
        <ErrorInfo>
          <Message>Assert.Inconclusive failed. A method that does not return a value cannot be verified.</Message>
          <StackTrace>   en TDDVentura.GestPerfilNeumaticoTest.EstadoFormTest() en C:\Users\Antonio\Desktop\Ventura20140728\Ventura\TDDVentura\GestPerfilNeumaticoTest.cs:línea 141
</StackTrace>
        </ErrorInfo>
      </Output>
    </UnitTestResult>
    <UnitTestResult executionId="4a5ebe3c-3c90-4989-af41-9c89c397c20e" testId="032808ca-936c-77d5-07ff-2d8ae417dc2f" testName="ListarPerfilNeumaticoTest" computerName="ASUS" duration="00:00:00.0507403" startTime="2014-07-29T22:58:22.3102492-05:00" endTime="2014-07-29T22:58:22.3642847-05:00" testType="13cdc9d9-ddb5-4fa4-a97d-d965ccfc6d4b" outcome="Failed" testListId="8c84fa94-04c1-424b-9868-57a2d4851a1d" relativeResultsDirectory="4a5ebe3c-3c90-4989-af41-9c89c397c20e">
      <Output>
        <ErrorInfo>
          <Message>Test method TDDVentura.GestPerfilNeumaticoTest.ListarPerfilNeumaticoTest threw exception: 
System.NullReferenceException: Referencia a objeto no establecida como instancia de un objeto.</Message>
          <StackTrace>   en AplicacionSistemaVentura.PAQ01_Definicion.GestPerfilNeumatico_Accessor.ListarPerfilNeumatico()
   en TDDVentura.GestPerfilNeumaticoTest.ListarPerfilNeumaticoTest() en C:\Users\Antonio\Desktop\Ventura20140728\Ventura\TDDVentura\GestPerfilNeumaticoTest.cs:línea 188
</StackTrace>
        </ErrorInfo>
      </Output>
    </UnitTestResult>
    <UnitTestResult executionId="6aa904bd-9e23-403d-a1bf-761b81797c39" testId="6c100e5e-4551-8023-cd41-1ac3bd84f1ba" testName="EstadoEdicionTest" computerName="ASUS" duration="00:00:00.0476197" startTime="2014-07-29T22:58:22.3692897-05:00" endTime="2014-07-29T22:58:22.4203220-05:00" testType="13cdc9d9-ddb5-4fa4-a97d-d965ccfc6d4b" outcome="Inconclusive" testListId="8c84fa94-04c1-424b-9868-57a2d4851a1d" relativeResultsDirectory="6aa904bd-9e23-403d-a1bf-761b81797c39">
      <Output>
        <ErrorInfo>
          <Message>Assert.Inconclusive failed. A method that does not return a value cannot be verified.</Message>
          <StackTrace>   en TDDVentura.GestPerfilNeumaticoTest.EstadoEdicionTest() en C:\Users\Antonio\Desktop\Ventura20140728\Ventura\TDDVentura\GestPerfilNeumaticoTest.cs:línea 129
</StackTrace>
        </ErrorInfo>
      </Output>
    </UnitTestResult>
    <UnitTestResult executionId="b65a606e-3bbf-4032-8394-09b5a57b58f0" testId="3350f1ef-bae7-a170-28a2-f6d4ef908ec2" testName="cboLlanRepu_SelectedIndexChangedTest" computerName="ASUS" duration="00:00:00.0528580" startTime="2014-07-29T22:58:22.4263260-05:00" endTime="2014-07-29T22:58:22.4813627-05:00" testType="13cdc9d9-ddb5-4fa4-a97d-d965ccfc6d4b" outcome="Inconclusive" testListId="8c84fa94-04c1-424b-9868-57a2d4851a1d" relativeResultsDirectory="b65a606e-3bbf-4032-8394-09b5a57b58f0">
      <Output>
        <ErrorInfo>
          <Message>Assert.Inconclusive failed. A method that does not return a value cannot be verified.</Message>
          <StackTrace>   en TDDVentura.GestPerfilNeumaticoTest.cboLlanRepu_SelectedIndexChangedTest() en C:\Users\Antonio\Desktop\Ventura20140728\Ventura\TDDVentura\GestPerfilNeumaticoTest.cs:línea 413
</StackTrace>
        </ErrorInfo>
      </Output>
    </UnitTestResult>
    <UnitTestResult executionId="d501a913-6d58-4da6-82a3-df0f99e87986" testId="0848aa6c-780c-1647-89fc-4a00f35cb2b0" testName="GestPerfilNeumaticoConstructorTest1" computerName="ASUS" duration="00:00:00.0806349" startTime="2014-07-29T22:58:22.4863666-05:00" endTime="2014-07-29T22:58:22.5694213-05:00" testType="13cdc9d9-ddb5-4fa4-a97d-d965ccfc6d4b" outcome="Inconclusive" testListId="8c84fa94-04c1-424b-9868-57a2d4851a1d" relativeResultsDirectory="d501a913-6d58-4da6-82a3-df0f99e87986">
      <Output>
        <ErrorInfo>
          <Message>Assert.Inconclusive failed. TODO: Implement code to verify target</Message>
          <StackTrace>   en TDDVentura.GestPerfilNeumaticoTest.GestPerfilNeumaticoConstructorTest1() en C:\Users\Antonio\Desktop\Ventura20140728\Ventura\TDDVentura\GestPerfilNeumaticoTest.cs:línea 92
</StackTrace>
        </ErrorInfo>
      </Output>
    </UnitTestResult>
    <UnitTestResult executionId="5804ee56-13f3-4944-a528-3a3418eb20ee" testId="d55aab20-b9c5-4a2d-3177-a2f8f5f39c9b" testName="DetallePerfilNeumaticoTest" computerName="ASUS" duration="00:00:00.0508977" startTime="2014-07-29T22:58:22.5754259-05:00" endTime="2014-07-29T22:58:22.6304620-05:00" testType="13cdc9d9-ddb5-4fa4-a97d-d965ccfc6d4b" outcome="Failed" testListId="8c84fa94-04c1-424b-9868-57a2d4851a1d" relativeResultsDirectory="5804ee56-13f3-4944-a528-3a3418eb20ee">
      <Output>
        <ErrorInfo>
          <Message>Test method TDDVentura.GestPerfilNeumaticoTest.DetallePerfilNeumaticoTest threw exception: 
System.NullReferenceException: Referencia a objeto no establecida como instancia de un objeto.</Message>
          <StackTrace>   en AplicacionSistemaVentura.PAQ01_Definicion.GestPerfilNeumatico_Accessor.DetallePerfilNeumatico()
   en TDDVentura.GestPerfilNeumaticoTest.DetallePerfilNeumaticoTest() en C:\Users\Antonio\Desktop\Ventura20140728\Ventura\TDDVentura\GestPerfilNeumaticoTest.cs:línea 116
</StackTrace>
        </ErrorInfo>
      </Output>
    </UnitTestResult>
  </Results>
</TestRun>